// Jest Snapshot v1, https://goo.gl/fbAQLP

exports[`Coin Drop Down renders correctly 1`] = `
<div>
  <div
    aria-busy={undefined}
    aria-disabled={undefined}
    aria-expanded={false}
    className="ui fluid search selection dropdown"
    onBlur={[Function]}
    onChange={[Function]}
    onClick={[Function]}
    onFocus={[Function]}
    onMouseDown={[Function]}
    role="combobox"
    tabIndex={undefined}
  >
    <input
      aria-autocomplete="list"
      autoComplete="off"
      className="search"
      onChange={[Function]}
      style={
        Object {
          "width": undefined,
        }
      }
      tabIndex={0}
      type="text"
      value=""
    />
    <div
      aria-live="polite"
      className="default text"
      role="alert"
    >
      Select Crypto
    </div>
    <i
      aria-hidden="true"
      className="dropdown icon"
      onClick={[Function]}
    />
    <div
      aria-multiselectable={undefined}
      className="menu transition"
      role="listbox"
    >
      <div
        aria-checked={false}
        aria-disabled={undefined}
        aria-selected={true}
        className="selected item"
        onClick={[Function]}
        role="option"
        style={
          Object {
            "pointerEvents": "all",
          }
        }
      >
        <span
          className="text"
        >
          Coin 1
        </span>
      </div>
      <div
        aria-checked={false}
        aria-disabled={undefined}
        aria-selected={false}
        className="item"
        onClick={[Function]}
        role="option"
        style={
          Object {
            "pointerEvents": "all",
          }
        }
      >
        <span
          className="text"
        >
          Coin 2
        </span>
      </div>
    </div>
  </div>
</div>
`;
